// Jest Snapshot v1, https://goo.gl/fbAQLP

exports[`should render a list of teams 1`] = `
<div>
  <h1>
    Teams
  </h1>
  <table
    class="resource-table"
  >
    <thead>
      <tr>
        <th>
          Team Name
        </th>
        <th>
          Actions
        </th>
      </tr>
    </thead>
    <tbody>
      <tr>
        <td>
          <a
            href="/teams/6"
          >
            Bridge City Sneakers
          </a>
        </td>
        <td>
          <a
            href="/teams/6"
          >
            <button
              class="btn-view"
              type="button"
            >
              View
            </button>
          </a>
        </td>
      </tr>
      <tr>
        <td>
          <a
            href="/teams/7"
          >
            Lakeville Thuderfeet
          </a>
        </td>
        <td>
          <a
            href="/teams/7"
          >
            <button
              class="btn-view"
              type="button"
            >
              View
            </button>
          </a>
        </td>
      </tr>
      <tr>
        <td>
          <a
            href="/teams/3"
          >
            Lakeville Thuderfeet
          </a>
        </td>
        <td>
          <a
            href="/teams/3"
          >
            <button
              class="btn-view"
              type="button"
            >
              View
            </button>
          </a>
        </td>
      </tr>
      <tr>
        <td>
          <a
            href="/teams/8"
          >
            Mt. Hoodies
          </a>
        </td>
        <td>
          <a
            href="/teams/8"
          >
            <button
              class="btn-view"
              type="button"
            >
              View
            </button>
          </a>
        </td>
      </tr>
      <tr>
        <td>
          <a
            href="/teams/4"
          >
            Mt. Hoodies
          </a>
        </td>
        <td>
          <a
            href="/teams/4"
          >
            <button
              class="btn-view"
              type="button"
            >
              View
            </button>
          </a>
        </td>
      </tr>
      <tr>
        <td>
          <a
            href="/teams/1"
          >
            Rip City Kickers
          </a>
        </td>
        <td>
          <a
            href="/teams/1"
          >
            <button
              class="btn-view"
              type="button"
            >
              View
            </button>
          </a>
        </td>
      </tr>
      <tr>
        <td>
          <a
            href="/teams/5"
          >
            Rip City Kickers
          </a>
        </td>
        <td>
          <a
            href="/teams/5"
          >
            <button
              class="btn-view"
              type="button"
            >
              View
            </button>
          </a>
        </td>
      </tr>
      <tr>
        <td>
          <a
            href="/teams/9"
          >
            pygmy 
          </a>
        </td>
        <td>
          <a
            href="/teams/9"
          >
            <button
              class="btn-view"
              type="button"
            >
              View
            </button>
          </a>
        </td>
      </tr>
    </tbody>
  </table>
</div>
`;
